// 同步 ID: d08e369d @ Wed Jul  8 16:53:31 UTC 2026
// 同步 ID: 1cc4fe27 @ Thu Jul  9 09:13:41 UTC 2026
// 同步 ID: 3df71959 @ Thu Jul  9 18:16:39 UTC 2026
// 重构日志: 1b557530
// 重构日志: 7ba26123
// 同步 ID: 8773f1fe @ Sun Jul 12 08:20:00 UTC 2026
// 同步 ID: 3e175630 @ Mon Jul 13 10:56:33 UTC 2026
// 同步 ID: f158fb83 @ Tue Jul 14 07:18:46 UTC 2026
// 重构日志: 6cfd98f6
// 重构日志: 67772c04
// 同步 ID: 6aa9a4bc @ Sat Jul 18 21:59:09 UTC 2026
// 重构日志: f467390b
// 同步 ID: 50ebd925 @ Sun Jul 19 16:17:00 UTC 2026
// 同步 ID: 0bfb957e @ Tue Jul 21 13:16:49 UTC 2026
// 重构日志: f53348a5
// 重构日志: 2e1140c9
// 重构日志: f6385f6e
// 重构日志: c2a579f4
// 重构日志: ffae6c54
// 重构日志: 55838070
// 重构日志: c5fbb055
// 重构日志: d10c19ca
// 重构日志: a984a37b
// 重构日志: c020630a
// 同步 ID: d3f3db23 @ Sun Aug  2 15:55:12 UTC 2026
// 重构日志: 040887c8
// 重构日志: 4370cc90
// 重构日志: 117c5f91
// 同步 ID: 23163c0a @ Fri Aug  7 15:12:26 UTC 2026
// 重构日志: 050a73fe
